python : C:\Users\goyos\AppData\Roaming\Python\Python313\site-packages\pytest_asyncio\plugin.
py:207: PytestDeprecationWarning: The configuration option "asyncio_default_fixture_loop_scop
e" is unset.
発生場所 行:1 文字:1
+ python -m pytest backend/tests/test_import_service.py -vv > test_outp ...
+ ~~~~~~~~~~~~~~~~~~~~~~~~~~~~~~~~~~~~~~~~~~~~~~~~~~~~~~~~~~~~~~~~~~~~~
    + CategoryInfo          : NotSpecified: (C:\Users\goyos\...cope" is unset.:String) [], R 
   emoteException
    + FullyQualifiedErrorId : NativeCommandError
 
The event loop scope for asynchronous fixtures will default to the fixture caching scope. Fut
ure versions of pytest-asyncio will default the loop scope for asynchronous fixtures to funct
ion scope. Set the default fixture loop scope explicitly in order to avoid unexpected behavio
r in the future. Valid fixture loop scopes are: "function", "class", "module", "package", "se
ssion"

  warnings.warn(PytestDeprecationWarning(_DEFAULT_FIXTURE_LOOP_SCOPE_UNSET))
============================= test session starts =============================
platform win32 -- Python 3.13.5, pytest-8.3.4, pluggy-1.6.0 -- C:\Python313\python.exe
cachedir: .pytest_cache
rootdir: C:\Users\goyos\OneDrive\繝峨く繝･繝｡繝ｳ繝・VSCode_Dev\PythonDev\journal-ai-auditor\backend
configfile: pyproject.toml
plugins: anyio-4.9.0, langsmith-0.4.8, asyncio-0.25.2, cov-6.0.0, respx-0.22.0
asyncio: mode=Mode.AUTO, asyncio_default_fixture_loop_scope=None
C:\Users\goyos\AppData\Roaming\Python\Python313\site-packages\coverage\inorout.py:495: Covera
geWarning: Module app was never imported. (module-not-imported); see https://coverage.readthe
docs.io/en/7.13.2/messages.html#warning-module-not-imported
  self.warn(f"Module {pkg} was never imported.", slug="module-not-imported")
C:\Users\goyos\AppData\Roaming\Python\Python313\site-packages\coverage\control.py:958: Covera
geWarning: No data was collected. (no-data-collected); see https://coverage.readthedocs.io/en
/7.13.2/messages.html#warning-no-data-collected
  self._warn("No data was collected.", slug="no-data-collected")
C:\Users\goyos\AppData\Roaming\Python\Python313\site-packages\pytest_cov\plugin.py:341: CovRe
portWarning: Failed to generate report: No data to report.

  warnings.warn(CovReportWarning(message), stacklevel=1)
C:\Users\goyos\AppData\Roaming\Python\Python313\site-packages\pytest_cov\plugin.py:355: CovFa
ilUnderWarning: Coverage failure: total of 0 is less than fail-under=50
  warnings.warn(CovFailUnderWarning(message), stacklevel=1)
collecting ... collected 0 items / 1 error

WARNING: Failed to generate report: No data to report.


ERROR: Coverage failure: total of 0 is less than fail-under=50

=================================== ERRORS ====================================
________________ ERROR collecting tests/test_import_service.py ________________
C:\Users\goyos\AppData\Roaming\Python\Python313\site-packages\_pytest\python.py:493: in importtestmodule
    mod = import_path(
C:\Users\goyos\AppData\Roaming\Python\Python313\site-packages\_pytest\pathlib.py:587: in import_path
    importlib.import_module(module_name)
C:\Python313\Lib\importlib\__init__.py:88: in import_module
    return _bootstrap._gcd_import(name[level:], package, level)
<frozen importlib._bootstrap>:1387: in _gcd_import
    ???
<frozen importlib._bootstrap>:1360: in _find_and_load
    ???
<frozen importlib._bootstrap>:1331: in _find_and_load_unlocked
    ???
<frozen importlib._bootstrap>:935: in _load_unlocked
    ???
C:\Users\goyos\AppData\Roaming\Python\Python313\site-packages\_pytest\assertion\rewrite.py:175: in exec_module
    source_stat, co = _rewrite_test(fn, self.config)
C:\Users\goyos\AppData\Roaming\Python\Python313\site-packages\_pytest\assertion\rewrite.py:355: in _rewrite_test
    tree = ast.parse(source, filename=strfn)
C:\Python313\Lib\ast.py:50: in parse
    return compile(source, filename, mode, flags,
E     File "C:\Users\goyos\OneDrive\繝峨く繝･繝｡繝ｳ繝・VSCode_Dev\PythonDev\journal-ai-auditor\backend\tests\test_import_service.py", line 282
E       "account_code": "遘醍岼繧ｳ繝ｼ繝・,
E                       ^
E   SyntaxError: unterminated string literal (detected at line 282)

---------- coverage: platform win32, python 3.13.5-final-0 -----------

FAIL Required test coverage of 50% not reached. Total coverage: 0.00%
=========================== short test summary info ===========================
ERROR backend\tests\test_import_service.py
!!!!!!!!!!!!!!!!!!! Interrupted: 1 error during collection !!!!!!!!!!!!!!!!!!!!
============================== 1 error in 0.33s ===============================
